C51 COMPILER V9.60.0.0   KEYS                                                              12/24/2019 16:10:11 PAGE 1   


C51 COMPILER V9.60.0.0, COMPILATION OF MODULE KEYS
OBJECT MODULE PLACED IN keys.OBJ
COMPILER INVOKED BY: D:\SIngelChip\Keil_C51\C51\BIN\C51.EXE keys.c OPTIMIZE(8,SPEED) BROWSE DEBUG OBJECTEXTEND TABS(2)

line level    source

   1          #define __keys_c
   2          #include "includeAll.h"
   3          //=============================================================================
   4          void GetKeys() {
   5   1        static uint8_t tempKeyValue1 = D_keyNull;
   6   1        static uint8_t tempKeyValue2 = D_keyNull;
   7   1        static uint8_t tempKeyValue3 = D_keyNull;
   8   1        static uint8_t tempKeyValue4 = D_keyNull;
   9   1      
  10   1        //按键口 P17 设为上拉输入
  11   1        
  12   1        
  13   1      
  14   1        
  15   1      
  16   1        // P1MODL = 0x02;
  17   1        // P1_2 = 1;
  18   1        if ( P_key2== 0 ) {
  19   2          tempKeyValue2 = D_keyValue1;
  20   2        } else {
  21   2          keyValue2 = tempKeyValue2;
  22   2          tempKeyValue2 = D_keyNull;
  23   2        }
  24   1        if ( P_key3 == 0 ) {
  25   2          tempKeyValue3 = D_keyValue1;
  26   2        } else {
  27   2          keyValue3 = tempKeyValue3;
  28   2          tempKeyValue3 = D_keyNull;
  29   2        }
  30   1        if ( P_key1 == 0 ) {
  31   2          tempKeyValue1 = D_keyValue1;
  32   2        } else {
  33   2          keyValue1 = tempKeyValue1;
  34   2          tempKeyValue1 = D_keyNull;
  35   2        }
  36   1        // if ( P_key4 == 0 ) {
  37   1          
  38   1        //   tempKeyValue4 = D_keyValue1;
  39   1        // } else {
  40   1          
  41   1        //   keyValue4 = tempKeyValue4;
  42   1        //   tempKeyValue4 = D_keyNull;
  43   1        // }
  44   1      
  45   1        
  46   1        // P1MODL = 0xaa;
  47   1      
  48   1        //按键口P10，恢复为输出
  49   1        
  50   1      }
*** WARNING C280 IN LINE 8 OF keys.c: 'tempKeyValue4': unreferenced local variable


MODULE INFORMATION:   STATIC OVERLAYABLE
   CODE SIZE        =     42    ----
C51 COMPILER V9.60.0.0   KEYS                                                              12/24/2019 16:10:11 PAGE 2   

   CONSTANT SIZE    =   ----    ----
   XDATA SIZE       =   ----    ----
   PDATA SIZE       =   ----    ----
   DATA SIZE        =     10    ----
   IDATA SIZE       =   ----    ----
   BIT SIZE         =   ----    ----
END OF MODULE INFORMATION.


C51 COMPILATION COMPLETE.  1 WARNING(S),  0 ERROR(S)
