C51 COMPILER V9.60.0.0   MAIN                                                              01/02/2020 18:42:26 PAGE 1   


C51 COMPILER V9.60.0.0, COMPILATION OF MODULE MAIN
OBJECT MODULE PLACED IN main.OBJ
COMPILER INVOKED BY: D:\SIngelChip\Keil_C51\C51\BIN\C51.EXE main.c OPTIMIZE(8,SPEED) BROWSE DEBUG OBJECTEXTEND TABS(2)

line level    source

   1          #define __main_c
   2          #include "includeAll.h"
   3          //=============================================================================
   4          void main() {
   5   1        
   6   1        SysInit();
   7   1        VarsInit();
   8   1        //使能看门狗
   9   1        F_turnOnWDT();
  10   1      
  11   1        
  12   1      
  13   1        while (1) {
  14   2          //喂狗
  15   2          F_clearWDT();
  16   2          //业务代码
  17   2          TimeProcess();
  18   2          TaskSetting();
  19   2          TaskProcess();
  20   2          DisplayProcess();
  21   2        }
  22   1      }
  23          //=============================================================================
  24          void TimeProcess() {
  25   1        static uint8_t timer5ms = 0;
  26   1        static uint16_t second = 0;
  27   1      
  28   1        if (b1ms) {
  29   2          // 1ms 执行一次
  30   2          b1ms = 0;
  31   2          timer5ms++;
  32   2          second++;
  33   2        
  34   2        }
  35   1        if (timer5ms >= D_5ms) {
  36   2          // 5ms 执行一次
  37   2          timer5ms = 0;
  38   2          
  39   2          GetKeys();
  40   2        }
  41   1        if (second >= D_1000ms) {
  42   2          // 1s 执行一次
  43   2          second = 0;
  44   2          //CLRWDT = 1; To:清除看门狗定时器
  45   2        }
  46   1        
  47   1      
  48   1      }
  49          //=============================================================================
  50          void TaskProcess() {}
  51          //=============================================================================
  52          void TaskSetting() {
  53   1        
  54   1        if (D_keyValue1 == keyValue1) {
  55   2          ledflg = ~ledflg;
C51 COMPILER V9.60.0.0   MAIN                                                              01/02/2020 18:42:26 PAGE 2   

  56   2          TR0 = 1;
  57   2          index++;
  58   2            if(index == 100)
  59   2            {
  60   3              index = 0;
  61   3            }
  62   2          
  63   2        }
  64   1        keyValue1 = D_keyNull;
  65   1      
  66   1      
  67   1        if (D_keyValue1 == keyValue2) {
  68   2          ledflg = ~ledflg;
  69   2          TR0 = 1;
  70   2          index++;
  71   2            if(index == 100)
  72   2            {
  73   3              index = 0;
  74   3            }
  75   2        }
  76   1        keyValue2 = D_keyNull;
  77   1         
  78   1      
  79   1        if (D_keyValue1 == keyValue3) {
  80   2          ledflg = ~ledflg;
  81   2          TR0 = 1;
  82   2          index++;
  83   2            if(index == 100)
  84   2            {
  85   3              index = 0;
  86   3            }
  87   2        }
  88   1        keyValue3 = D_keyNull;
  89   1        
  90   1      
  91   1        if (D_keyValue1 == keyValue4) {
  92   2          ledflg = ~ledflg;
  93   2          TR0 = 1;
  94   2          index--;
  95   2            if(index < 0)
  96   2            {
  97   3              index = 1;
  98   3            }
  99   2                
 100   2        }
 101   1       keyValue4 = D_keyNull;
 102   1      }
 103          
 104          //if (D_keyValue1 == keyValue4) {
 105            // F_buzzOn;     //推挽输出状态控制蜂鸣器
 106            //}else {
 107             //F_buzzOff;
 108            //}
 109          
 110          //=============================================================================
 111          void DisplayProcess() {
 112   1      
 113   1       
 114   1        if (ledflg) {
 115   2          
 116   2          F_led1Off();
 117   2          F_led2On();
C51 COMPILER V9.60.0.0   MAIN                                                              01/02/2020 18:42:26 PAGE 3   

 118   2          gewei = index % 10;
 119   2          ten = (index-gewei)/10;
 120   2          smg_control(gewei,2);
 121   2          smg_control(ten,1);
 122   2      
 123   2      
 124   2        }  
 125   1        else {
 126   2           F_led1On();
 127   2          F_led2Off();
 128   2          gewei = index%10;
 129   2          ten = (index-gewei)/10;
 130   2          smg_control(gewei,2);
 131   2          smg_control(ten,1);
 132   2        }
 133   1          
 134   1      
 135   1      }


MODULE INFORMATION:   STATIC OVERLAYABLE
   CODE SIZE        =    296    ----
   CONSTANT SIZE    =   ----    ----
   XDATA SIZE       =   ----    ----
   PDATA SIZE       =   ----    ----
   DATA SIZE        =     12    ----
   IDATA SIZE       =   ----    ----
   BIT SIZE         =      1    ----
END OF MODULE INFORMATION.


C51 COMPILATION COMPLETE.  0 WARNING(S),  0 ERROR(S)
